I'm sorry, but errors were detected in your script. Please correct the
errors listed below, and try again.


File "game/init/init.rpy", line 10: invalid syntax
    define fd = Dissolve(0.1)
            ^
    

Ren'Py Version: Ren'Py 8.0.1.22070801
Thu Sep 29 21:33:50 2022
